
admin@MacBook-Pro-Ulik ~ % psql -h localhost -U postgres -p 5432
Пароль пользователя postgres:
psql: ошибка: подключиться к серверу "localhost" (::1), порту 5432 не удалось: FATAL:  password authentication failed for user "postgres"
admin@MacBook-Pro-Ulik ~ % psql -h localhost -U postgres -p 5432
Пароль пользователя postgres:
psql (17.6 (Homebrew))
Введите "help", чтобы получить справку.

postgres=# SELECT * FROM students
postgres-#
postgres-# CREATE TABLE students (
postgres(# id SERIAL PRIMARY KEY,
postgres(# name VARCHAR(100),
postgres(# age INT
postgres(# );
ERROR:  syntax error at or near "CREATE"
СТРОКА 2: CREATE TABLE students (
          ^
postgres=#
CREATE TABLE students (
id SERIAL PRIMARY KEY,
name VARCHAR(100),
age INT
);
CREATE TABLE
postgres=# SELECT * FROM students
postgres-# DROP TABLE students
postgres-# CREATE TABLE students (
postgres(# name VARCHAR(50),
postgres(# email VARCHAR(100),
postgres(# faculty VARCHAR(50)
postgres(# );
ERROR:  syntax error at or near "TABLE"
СТРОКА 2: DROP TABLE students
               ^
postgres=#
CREATE TABLE students (
name VARCHAR(50),
email VARCHAR(100),
faculty VARCHAR(50)
);
ERROR:  relation "students" already exists
postgres=# DROP TABLE students;
DROP TABLE
postgres=#
CREATE TABLE students (
name VARCHAR(50),
email VARCHAR(100),
faculty VARCHAR(50)
);
CREATE TABLE
postgres=# INSERT INTO students (name,email, faculty)
postgres-# VALUES
postgres-# ('Alymbek', 'alymbek@example.com', 'COM'),
('Timur', 'timur@example.com', 'MED'),
('Beka', 'beka@example.com', 'MAT');
INSERT 0 3
postgres=# SELECT * FROM students
postgres-# ;
  name   |        email        | faculty
---------+---------------------+---------
 Alymbek | alymbek@example.com | COM
 Timur   | timur@example.com   | MED
 Beka    | beka@example.com    | MAT
(3 строки)

postgres=# SELECT name, email FROM students
postgres-# ;
  name   |        email
---------+---------------------
 Alymbek | alymbek@example.com
 Timur   | timur@example.com
 Beka    | beka@example.com
(3 строки)

postgres=# SELECT * FROM students WHERE name = 'Timur';
 name  |       email       | faculty
-------+-------------------+---------
 Timur | timur@example.com | MED
(1 строка)

postgres=# SELECT name, faculty FROM students ORDER BY faculty DESC;
  name   | faculty
---------+---------
 Timur   | MED
 Beka    | MAT
 Alymbek | COM
(3 строки)

postgres=# SELECT name, faculty  FROM students
;
  name   | faculty
---------+---------
 Alymbek | COM
 Timur   | MED
 Beka    | MAT
(3 строки)

postgres=# SELECT name, faculty FROM students WHERE faculty = 'COM';
  name   | faculty
---------+---------
 Alymbek | COM
(1 строка)

postgres=#

